{"success":false,"message":"Validation failed","errors":[{"field":"email","message":"Invalid input: expected string, received undefined"},{"field":"name","message":"Invalid input: expected string, received undefined"},{"field":"password","message":"Invalid input: expected string, received undefined"}],"stack":"Error: Validation failed\n    at C:\\Users\\rohan\\OneDrive\\Attachments\\Desktop\\BACKEND-LEADGER\\src\\middleware\\validate.middleware.js:111:25\n    at Layer.handle [as handle_request] (C:\\Users\\rohan\\OneDrive\\Attachments\\Desktop\\BACKEND-LEADGER\\node_modules\\express\\lib\\router\\layer.js:95:5)\n    at next (C:\\Users\\rohan\\OneDrive\\Attachments\\Desktop\\BACKEND-LEADGER\\node_modules\\express\\lib\\router\\route.js:149:13)\n    at Route.dispatch (C:\\Users\\rohan\\OneDrive\\Attachments\\Desktop\\BACKEND-LEADGER\\node_modules\\express\\lib\\router\\route.js:119:3)\n    at Layer.handle [as handle_request] (C:\\Users\\rohan\\OneDrive\\Attachments\\Desktop\\BACKEND-LEADGER\\node_modules\\express\\lib\\router\\layer.js:95:5)\n    at C:\\Users\\rohan\\OneDrive\\Attachments\\Desktop\\BACKEND-LEADGER\\node_modules\\express\\lib\\router\\index.js:284:15\n    at router.process_params (C:\\Users\\rohan\\OneDrive\\Attachments\\Desktop\\BACKEND-LEADGER\\node_modules\\express\\lib\\router\\index.js:346:12)\n    at next (C:\\Users\\rohan\\OneDrive\\Attachments\\Desktop\\BACKEND-LEADGER\\node_modules\\express\\lib\\router\\index.js:280:10)\n    at router.handle (C:\\Users\\rohan\\OneDrive\\Attachments\\Desktop\\BACKEND-LEADGER\\node_modules\\express\\lib\\router\\index.js:175:3)\n    at router (C:\\Users\\rohan\\OneDrive\\Attachments\\Desktop\\BACKEND-LEADGER\\node_modules\\express\\lib\\router\\index.js:47:12)","error":{"statusCode":400,"status":"fail","isOperational":true,"errors":[{"field":"email","message":"Invalid input: expected string, received undefined"},{"field":"name","message":"Invalid input: expected string, received undefined"},{"field":"password","message":"Invalid input: expected string, received undefined"}]}}